29-Aug-2026 23:22:42.617 starting BIND 9.18.39-0ubuntu0.24.04.6-Ubuntu (Extended Support Version) <id:>
29-Aug-2026 23:22:42.617 running on Linux x86_64 6.8.0-137-generic #137-Ubuntu SMP PREEMPT_DYNAMIC Fri Jul 17 20:28:23 UTC 2026
29-Aug-2026 23:22:42.617 built with  '--build=x86_64-linux-gnu' '--prefix=/usr' '--includedir=${prefix}/include' '--mandir=${prefix}/share/man' '--infodir=${prefix}/share/info' '--sysconfdir=/etc' '--localstatedir=/var' '--disable-option-checking' '--disable-silent-rules' '--libdir=${prefix}/lib/x86_64-linux-gnu' '--runstatedir=/run' '--disable-maintainer-mode' '--disable-dependency-tracking' '--libdir=/usr/lib/x86_64-linux-gnu' '--sysconfdir=/etc/bind' '--with-python=python3' '--localstatedir=/' '--enable-threads' '--enable-largefile' '--with-libtool' '--enable-shared' '--disable-static' '--with-gost=no' '--with-openssl=/usr' '--with-gssapi=yes' '--with-libidn2' '--with-json-c' '--with-lmdb=/usr' '--with-gnu-ld' '--with-maxminddb' '--with-atf=no' '--enable-ipv6' '--enable-rrl' '--enable-filter-aaaa' '--disable-native-pkcs11' 'build_alias=x86_64-linux-gnu' 'CFLAGS=-g -O2 -fno-omit-frame-pointer -mno-omit-leaf-frame-pointer -ffile-prefix-map=/build/bind9-L5C0ZL/bind9-9.18.39=. -flto=auto -ffat-lto-objects -fstack-protector-strong -fstack-clash-protection -Wformat -Werror=format-security -fcf-protection -fdebug-prefix-map=/build/bind9-L5C0ZL/bind9-9.18.39=/usr/src/bind9-1:9.18.39-0ubuntu0.24.04.6 -fno-strict-aliasing -fno-delete-null-pointer-checks -DNO_VERSION_DATE -DDIG_SIGCHASE' 'LDFLAGS=-Wl,-Bsymbolic-functions -flto=auto -ffat-lto-objects -Wl,-z,relro -Wl,-z,now -ledit' 'CPPFLAGS=-Wdate-time -D_FORTIFY_SOURCE=3'
29-Aug-2026 23:22:42.617 running as: named -g -u root -c /etc/bind/era3-dns.TYqJ/rec.conf
29-Aug-2026 23:22:42.617 compiled by GCC 13.3.0
29-Aug-2026 23:22:42.617 compiled with OpenSSL version: OpenSSL 3.0.13 30 Jan 2024
29-Aug-2026 23:22:42.617 linked to OpenSSL version: OpenSSL 3.0.13 30 Jan 2024
29-Aug-2026 23:22:42.617 compiled with libuv version: 1.48.0
29-Aug-2026 23:22:42.617 linked to libuv version: 1.48.0
29-Aug-2026 23:22:42.617 compiled with libxml2 version: 2.9.14
29-Aug-2026 23:22:42.617 linked to libxml2 version: 20914
29-Aug-2026 23:22:42.617 compiled with json-c version: 0.17
29-Aug-2026 23:22:42.617 linked to json-c version: 0.17
29-Aug-2026 23:22:42.617 compiled with zlib version: 1.3
29-Aug-2026 23:22:42.617 linked to zlib version: 1.3
29-Aug-2026 23:22:42.617 ----------------------------------------------------
29-Aug-2026 23:22:42.617 BIND 9 is maintained by Internet Systems Consortium,
29-Aug-2026 23:22:42.617 Inc. (ISC), a non-profit 501(c)(3) public-benefit 
29-Aug-2026 23:22:42.617 corporation.  Support and training for BIND 9 are 
29-Aug-2026 23:22:42.617 available at https://www.isc.org/support
29-Aug-2026 23:22:42.617 ----------------------------------------------------
29-Aug-2026 23:22:42.617 found 48 CPUs, using 48 worker threads
29-Aug-2026 23:22:42.617 using 48 UDP listeners per interface
29-Aug-2026 23:22:42.694 DNSSEC algorithms: RSASHA1 NSEC3RSASHA1 RSASHA256 RSASHA512 ECDSAP256SHA256 ECDSAP384SHA384 ED25519 ED448
29-Aug-2026 23:22:42.694 DS algorithms: SHA-1 SHA-256 SHA-384
29-Aug-2026 23:22:42.694 HMAC algorithms: HMAC-MD5 HMAC-SHA1 HMAC-SHA224 HMAC-SHA256 HMAC-SHA384 HMAC-SHA512
29-Aug-2026 23:22:42.694 TKEY mode 2 support (Diffie-Hellman): yes
29-Aug-2026 23:22:42.694 TKEY mode 3 support (GSS-API): yes
29-Aug-2026 23:22:42.697 the initial working directory is '/media/tmzn/DATA5/protocol-zoo'
29-Aug-2026 23:22:42.697 loading configuration from '/etc/bind/era3-dns.TYqJ/rec.conf'
29-Aug-2026 23:22:42.697 the working directory is now '/etc/bind/era3-dns.TYqJ/rec'
29-Aug-2026 23:22:42.697 reading built-in trust anchors from file '/etc/bind/bind.keys'
29-Aug-2026 23:22:42.699 looking for GeoIP2 databases in '/usr/share/GeoIP'
29-Aug-2026 23:22:42.699 using default UDP/IPv4 port range: [32768, 60999]
29-Aug-2026 23:22:42.699 using default UDP/IPv6 port range: [32768, 60999]
29-Aug-2026 23:22:42.699 listening on IPv4 interface lo, 198.18.200.13#53
29-Aug-2026 23:22:42.722 Could not open '/etc/bind/era3-dns.TYqJ/rec.pid'.
29-Aug-2026 23:22:42.722 Please check file and directory permissions or reconfigure the filename.
29-Aug-2026 23:22:42.722 could not open file '/etc/bind/era3-dns.TYqJ/rec.pid': Permission denied
29-Aug-2026 23:22:42.722 generating session key for dynamic DNS
29-Aug-2026 23:22:42.722 Could not open '/etc/bind/era3-dns.TYqJ/rec.key'.
29-Aug-2026 23:22:42.722 Please check file and directory permissions or reconfigure the filename.
29-Aug-2026 23:22:42.722 could not open file '/etc/bind/era3-dns.TYqJ/rec.key': Permission denied
29-Aug-2026 23:22:42.722 could not create /etc/bind/era3-dns.TYqJ/rec.key
29-Aug-2026 23:22:42.722 failed to generate session key for dynamic DNS: permission denied
29-Aug-2026 23:22:42.722 sizing zone task pool based on 1 zones
29-Aug-2026 23:22:42.722 none:99: 'max-cache-size 90%' - setting to 115799MB (out of 128666MB)
29-Aug-2026 23:22:42.733 set up managed keys zone for view _default, file 'managed-keys.bind'
29-Aug-2026 23:22:42.733 automatic empty zone: 10.IN-ADDR.ARPA
29-Aug-2026 23:22:42.733 automatic empty zone: 16.172.IN-ADDR.ARPA
29-Aug-2026 23:22:42.733 automatic empty zone: 17.172.IN-ADDR.ARPA
29-Aug-2026 23:22:42.733 automatic empty zone: 18.172.IN-ADDR.ARPA
29-Aug-2026 23:22:42.733 automatic empty zone: 19.172.IN-ADDR.ARPA
29-Aug-2026 23:22:42.733 automatic empty zone: 20.172.IN-ADDR.ARPA
29-Aug-2026 23:22:42.733 automatic empty zone: 21.172.IN-ADDR.ARPA
29-Aug-2026 23:22:42.733 automatic empty zone: 22.172.IN-ADDR.ARPA
29-Aug-2026 23:22:42.733 automatic empty zone: 23.172.IN-ADDR.ARPA
29-Aug-2026 23:22:42.733 automatic empty zone: 24.172.IN-ADDR.ARPA
29-Aug-2026 23:22:42.733 automatic empty zone: 25.172.IN-ADDR.ARPA
29-Aug-2026 23:22:42.733 automatic empty zone: 26.172.IN-ADDR.ARPA
29-Aug-2026 23:22:42.733 automatic empty zone: 27.172.IN-ADDR.ARPA
29-Aug-2026 23:22:42.733 automatic empty zone: 28.172.IN-ADDR.ARPA
29-Aug-2026 23:22:42.733 automatic empty zone: 29.172.IN-ADDR.ARPA
29-Aug-2026 23:22:42.733 automatic empty zone: 30.172.IN-ADDR.ARPA
29-Aug-2026 23:22:42.733 automatic empty zone: 31.172.IN-ADDR.ARPA
29-Aug-2026 23:22:42.733 automatic empty zone: 168.192.IN-ADDR.ARPA
29-Aug-2026 23:22:42.733 automatic empty zone: 64.100.IN-ADDR.ARPA
29-Aug-2026 23:22:42.733 automatic empty zone: 65.100.IN-ADDR.ARPA
29-Aug-2026 23:22:42.733 automatic empty zone: 66.100.IN-ADDR.ARPA
29-Aug-2026 23:22:42.733 automatic empty zone: 67.100.IN-ADDR.ARPA
29-Aug-2026 23:22:42.733 automatic empty zone: 68.100.IN-ADDR.ARPA
29-Aug-2026 23:22:42.733 automatic empty zone: 69.100.IN-ADDR.ARPA
29-Aug-2026 23:22:42.733 automatic empty zone: 70.100.IN-ADDR.ARPA
29-Aug-2026 23:22:42.733 automatic empty zone: 71.100.IN-ADDR.ARPA
29-Aug-2026 23:22:42.733 automatic empty zone: 72.100.IN-ADDR.ARPA
29-Aug-2026 23:22:42.733 automatic empty zone: 73.100.IN-ADDR.ARPA
29-Aug-2026 23:22:42.734 automatic empty zone: 74.100.IN-ADDR.ARPA
29-Aug-2026 23:22:42.734 automatic empty zone: 75.100.IN-ADDR.ARPA
29-Aug-2026 23:22:42.734 automatic empty zone: 76.100.IN-ADDR.ARPA
29-Aug-2026 23:22:42.734 automatic empty zone: 77.100.IN-ADDR.ARPA
29-Aug-2026 23:22:42.734 automatic empty zone: 78.100.IN-ADDR.ARPA
29-Aug-2026 23:22:42.734 automatic empty zone: 79.100.IN-ADDR.ARPA
29-Aug-2026 23:22:42.734 automatic empty zone: 80.100.IN-ADDR.ARPA
29-Aug-2026 23:22:42.734 automatic empty zone: 81.100.IN-ADDR.ARPA
29-Aug-2026 23:22:42.734 automatic empty zone: 82.100.IN-ADDR.ARPA
29-Aug-2026 23:22:42.734 automatic empty zone: 83.100.IN-ADDR.ARPA
29-Aug-2026 23:22:42.734 automatic empty zone: 84.100.IN-ADDR.ARPA
29-Aug-2026 23:22:42.734 automatic empty zone: 85.100.IN-ADDR.ARPA
29-Aug-2026 23:22:42.734 automatic empty zone: 86.100.IN-ADDR.ARPA
29-Aug-2026 23:22:42.734 automatic empty zone: 87.100.IN-ADDR.ARPA
29-Aug-2026 23:22:42.734 automatic empty zone: 88.100.IN-ADDR.ARPA
29-Aug-2026 23:22:42.734 automatic empty zone: 89.100.IN-ADDR.ARPA
29-Aug-2026 23:22:42.734 automatic empty zone: 90.100.IN-ADDR.ARPA
29-Aug-2026 23:22:42.734 automatic empty zone: 91.100.IN-ADDR.ARPA
29-Aug-2026 23:22:42.734 automatic empty zone: 92.100.IN-ADDR.ARPA
29-Aug-2026 23:22:42.734 automatic empty zone: 93.100.IN-ADDR.ARPA
29-Aug-2026 23:22:42.734 automatic empty zone: 94.100.IN-ADDR.ARPA
29-Aug-2026 23:22:42.734 automatic empty zone: 95.100.IN-ADDR.ARPA
29-Aug-2026 23:22:42.734 automatic empty zone: 96.100.IN-ADDR.ARPA
29-Aug-2026 23:22:42.734 automatic empty zone: 97.100.IN-ADDR.ARPA
29-Aug-2026 23:22:42.734 automatic empty zone: 98.100.IN-ADDR.ARPA
29-Aug-2026 23:22:42.734 automatic empty zone: 99.100.IN-ADDR.ARPA
29-Aug-2026 23:22:42.734 automatic empty zone: 100.100.IN-ADDR.ARPA
29-Aug-2026 23:22:42.734 automatic empty zone: 101.100.IN-ADDR.ARPA
29-Aug-2026 23:22:42.734 automatic empty zone: 102.100.IN-ADDR.ARPA
29-Aug-2026 23:22:42.734 automatic empty zone: 103.100.IN-ADDR.ARPA
29-Aug-2026 23:22:42.734 automatic empty zone: 104.100.IN-ADDR.ARPA
29-Aug-2026 23:22:42.734 automatic empty zone: 105.100.IN-ADDR.ARPA
29-Aug-2026 23:22:42.734 automatic empty zone: 106.100.IN-ADDR.ARPA
29-Aug-2026 23:22:42.734 automatic empty zone: 107.100.IN-ADDR.ARPA
29-Aug-2026 23:22:42.734 automatic empty zone: 108.100.IN-ADDR.ARPA
29-Aug-2026 23:22:42.734 automatic empty zone: 109.100.IN-ADDR.ARPA
29-Aug-2026 23:22:42.734 automatic empty zone: 110.100.IN-ADDR.ARPA
29-Aug-2026 23:22:42.734 automatic empty zone: 111.100.IN-ADDR.ARPA
29-Aug-2026 23:22:42.734 automatic empty zone: 112.100.IN-ADDR.ARPA
29-Aug-2026 23:22:42.734 automatic empty zone: 113.100.IN-ADDR.ARPA
29-Aug-2026 23:22:42.734 automatic empty zone: 114.100.IN-ADDR.ARPA
29-Aug-2026 23:22:42.734 automatic empty zone: 115.100.IN-ADDR.ARPA
29-Aug-2026 23:22:42.734 automatic empty zone: 116.100.IN-ADDR.ARPA
29-Aug-2026 23:22:42.734 automatic empty zone: 117.100.IN-ADDR.ARPA
29-Aug-2026 23:22:42.734 automatic empty zone: 118.100.IN-ADDR.ARPA
29-Aug-2026 23:22:42.734 automatic empty zone: 119.100.IN-ADDR.ARPA
29-Aug-2026 23:22:42.734 automatic empty zone: 120.100.IN-ADDR.ARPA
29-Aug-2026 23:22:42.734 automatic empty zone: 121.100.IN-ADDR.ARPA
29-Aug-2026 23:22:42.734 automatic empty zone: 122.100.IN-ADDR.ARPA
29-Aug-2026 23:22:42.734 automatic empty zone: 123.100.IN-ADDR.ARPA
29-Aug-2026 23:22:42.734 automatic empty zone: 124.100.IN-ADDR.ARPA
29-Aug-2026 23:22:42.734 automatic empty zone: 125.100.IN-ADDR.ARPA
29-Aug-2026 23:22:42.734 automatic empty zone: 126.100.IN-ADDR.ARPA
29-Aug-2026 23:22:42.734 automatic empty zone: 127.100.IN-ADDR.ARPA
29-Aug-2026 23:22:42.734 automatic empty zone: 0.IN-ADDR.ARPA
29-Aug-2026 23:22:42.734 automatic empty zone: 127.IN-ADDR.ARPA
29-Aug-2026 23:22:42.734 automatic empty zone: 254.169.IN-ADDR.ARPA
29-Aug-2026 23:22:42.734 automatic empty zone: 2.0.192.IN-ADDR.ARPA
29-Aug-2026 23:22:42.734 automatic empty zone: 100.51.198.IN-ADDR.ARPA
29-Aug-2026 23:22:42.734 automatic empty zone: 113.0.203.IN-ADDR.ARPA
29-Aug-2026 23:22:42.734 automatic empty zone: 255.255.255.255.IN-ADDR.ARPA
29-Aug-2026 23:22:42.734 automatic empty zone: 0.0.0.0.0.0.0.0.0.0.0.0.0.0.0.0.0.0.0.0.0.0.0.0.0.0.0.0.0.0.0.0.IP6.ARPA
29-Aug-2026 23:22:42.734 automatic empty zone: 1.0.0.0.0.0.0.0.0.0.0.0.0.0.0.0.0.0.0.0.0.0.0.0.0.0.0.0.0.0.0.0.IP6.ARPA
29-Aug-2026 23:22:42.734 automatic empty zone: D.F.IP6.ARPA
29-Aug-2026 23:22:42.734 automatic empty zone: 8.E.F.IP6.ARPA
29-Aug-2026 23:22:42.734 automatic empty zone: 9.E.F.IP6.ARPA
29-Aug-2026 23:22:42.734 automatic empty zone: A.E.F.IP6.ARPA
29-Aug-2026 23:22:42.734 automatic empty zone: B.E.F.IP6.ARPA
29-Aug-2026 23:22:42.734 automatic empty zone: 8.B.D.0.1.0.0.2.IP6.ARPA
29-Aug-2026 23:22:42.734 automatic empty zone: EMPTY.AS112.ARPA
29-Aug-2026 23:22:42.734 automatic empty zone: HOME.ARPA
29-Aug-2026 23:22:42.734 automatic empty zone: RESOLVER.ARPA
29-Aug-2026 23:22:42.745 configuring command channel from '/etc/bind/rndc.key'
29-Aug-2026 23:22:42.745 open: /etc/bind/rndc.key: permission denied
29-Aug-2026 23:22:42.747 command channel listening on 127.0.0.1#953
29-Aug-2026 23:22:42.747 configuring command channel from '/etc/bind/rndc.key'
29-Aug-2026 23:22:42.747 open: /etc/bind/rndc.key: permission denied
29-Aug-2026 23:22:42.748 command channel listening on ::1#953
29-Aug-2026 23:22:42.748 not using config file logging statement for logging due to -g option
29-Aug-2026 23:22:42.750 managed-keys-zone: loaded serial 0
29-Aug-2026 23:22:42.757 all zones loaded
29-Aug-2026 23:22:42.757 running
29-Aug-2026 23:22:48.874 no longer listening on 198.18.200.13#53
29-Aug-2026 23:22:48.876 shutting down
29-Aug-2026 23:22:48.876 stopping command channel on 127.0.0.1#953
29-Aug-2026 23:22:48.877 stopping command channel on ::1#953
29-Aug-2026 23:22:48.877 error writing NTA file for view '_default': permission denied
29-Aug-2026 23:22:48.877 error writing NTA file for view '_bind': permission denied
29-Aug-2026 23:22:48.878 automatic interface scanning terminated: end of file
29-Aug-2026 23:22:48.903 exiting
